// Jest Snapshot v1, https://goo.gl/fbAQLP

exports[`FlightSearch Test Tests FlightSearch Functions 1`] = `
<div
  class="center"
>
  <div
    class="ant-row"
    style="margin-top: 200px;"
  >
    <form
      class="ant-form ant-form-horizontal"
    >
      <div
        class="ant-row ant-form-item"
      >
        <div
          class="ant-col ant-form-item-label"
        >
          <label
            class=""
            title="Origin"
          >
            Origin
          </label>
        </div>
        <div
          class="ant-col ant-form-item-control-wrapper"
        >
          <div
            class="ant-form-item-control"
          >
            <span
              class="ant-form-item-children"
            >
              <div
                class="ant-select ant-select-enabled ant-select-allow-clear"
                tabindex="0"
              >
                <div
                  aria-autocomplete="list"
                  aria-controls="test-uuid"
                  aria-haspopup="true"
                  class="ant-select-selection ant-select-selection--single"
                  role="combobox"
                >
                  <div
                    class="ant-select-selection__rendered"
                  />
                  <span
                    class="ant-select-arrow"
                    style="user-select: none;"
                    unselectable="on"
                  >
                    <i
                      aria-label="icon: down"
                      class="anticon anticon-down ant-select-arrow-icon"
                    >
                      <svg
                        aria-hidden="true"
                        class=""
                        data-icon="down"
                        fill="currentColor"
                        focusable="false"
                        height="1em"
                        viewBox="64 64 896 896"
                        width="1em"
                      >
                        <path
                          d="M884 256h-75c-5.1 0-9.9 2.5-12.9 6.6L512 654.2 227.9 262.6c-3-4.1-7.8-6.6-12.9-6.6h-75c-6.5 0-10.3 7.4-6.5 12.7l352.6 486.1c12.8 17.6 39 17.6 51.7 0l352.6-486.1c3.9-5.3.1-12.7-6.4-12.7z"
                        />
                      </svg>
                    </i>
                  </span>
                </div>
              </div>
            </span>
            <transition-stub
              appear="true"
            />
          </div>
        </div>
      </div>
       
      <div
        class="ant-row ant-form-item"
      >
        <div
          class="ant-col ant-form-item-label"
        >
          <label
            class=""
            title="Departure"
          >
            Departure
          </label>
        </div>
        <div
          class="ant-col ant-form-item-control-wrapper"
        >
          <div
            class="ant-form-item-control"
          >
            <span
              class="ant-form-item-children"
            >
              <span
                class="ant-calendar-picker"
                style="width: 100%;"
              >
                <div
                  class=""
                >
                  <input
                    class="ant-calendar-picker-input ant-input"
                    placeholder="Select date"
                    readonly="true"
                  />
                  <i
                    aria-label="icon: calendar"
                    class="anticon anticon-calendar ant-calendar-picker-icon"
                  >
                    <svg
                      aria-hidden="true"
                      class=""
                      data-icon="calendar"
                      fill="currentColor"
                      focusable="false"
                      height="1em"
                      viewBox="64 64 896 896"
                      width="1em"
                    >
                      <path
                        d="M880 184H712v-64c0-4.4-3.6-8-8-8h-56c-4.4 0-8 3.6-8 8v64H384v-64c0-4.4-3.6-8-8-8h-56c-4.4 0-8 3.6-8 8v64H144c-17.7 0-32 14.3-32 32v664c0 17.7 14.3 32 32 32h736c17.7 0 32-14.3 32-32V216c0-17.7-14.3-32-32-32zm-40 656H184V460h656v380zM184 392V256h128v48c0 4.4 3.6 8 8 8h56c4.4 0 8-3.6 8-8v-48h256v48c0 4.4 3.6 8 8 8h56c4.4 0 8-3.6 8-8v-48h128v136H184z"
                      />
                    </svg>
                  </i>
                </div>
              </span>
            </span>
            <transition-stub
              appear="true"
            />
          </div>
        </div>
      </div>
       
      <div
        class="ant-row ant-form-item"
      >
        <div
          class="ant-col ant-form-item-label"
        >
          <label
            class=""
            title="Destination"
          >
            Destination
          </label>
        </div>
        <div
          class="ant-col ant-form-item-control-wrapper"
        >
          <div
            class="ant-form-item-control"
          >
            <span
              class="ant-form-item-children"
            >
              <div
                class="ant-select ant-select-enabled ant-select-allow-clear"
                tabindex="0"
              >
                <div
                  aria-autocomplete="list"
                  aria-controls="test-uuid"
                  aria-haspopup="true"
                  class="ant-select-selection ant-select-selection--single"
                  role="combobox"
                >
                  <div
                    class="ant-select-selection__rendered"
                  />
                  <span
                    class="ant-select-arrow"
                    style="user-select: none;"
                    unselectable="on"
                  >
                    <i
                      aria-label="icon: down"
                      class="anticon anticon-down ant-select-arrow-icon"
                    >
                      <svg
                        aria-hidden="true"
                        class=""
                        data-icon="down"
                        fill="currentColor"
                        focusable="false"
                        height="1em"
                        viewBox="64 64 896 896"
                        width="1em"
                      >
                        <path
                          d="M884 256h-75c-5.1 0-9.9 2.5-12.9 6.6L512 654.2 227.9 262.6c-3-4.1-7.8-6.6-12.9-6.6h-75c-6.5 0-10.3 7.4-6.5 12.7l352.6 486.1c12.8 17.6 39 17.6 51.7 0l352.6-486.1c3.9-5.3.1-12.7-6.4-12.7z"
                        />
                      </svg>
                    </i>
                  </span>
                </div>
              </div>
            </span>
            <transition-stub
              appear="true"
            />
          </div>
        </div>
      </div>
       
      <div
        class="ant-row ant-form-item"
      >
        <div
          class="ant-col ant-form-item-label"
        >
          <label
            class=""
            title="Return"
          >
            Return
          </label>
        </div>
        <div
          class="ant-col ant-form-item-control-wrapper"
        >
          <div
            class="ant-form-item-control"
          >
            <span
              class="ant-form-item-children"
            >
              <span
                class="ant-calendar-picker"
                style="width: 100%;"
              >
                <div
                  class=""
                >
                  <input
                    class="ant-calendar-picker-input ant-input"
                    placeholder="Select date"
                    readonly="true"
                  />
                  <i
                    aria-label="icon: calendar"
                    class="anticon anticon-calendar ant-calendar-picker-icon"
                  >
                    <svg
                      aria-hidden="true"
                      class=""
                      data-icon="calendar"
                      fill="currentColor"
                      focusable="false"
                      height="1em"
                      viewBox="64 64 896 896"
                      width="1em"
                    >
                      <path
                        d="M880 184H712v-64c0-4.4-3.6-8-8-8h-56c-4.4 0-8 3.6-8 8v64H384v-64c0-4.4-3.6-8-8-8h-56c-4.4 0-8 3.6-8 8v64H144c-17.7 0-32 14.3-32 32v664c0 17.7 14.3 32 32 32h736c17.7 0 32-14.3 32-32V216c0-17.7-14.3-32-32-32zm-40 656H184V460h656v380zM184 392V256h128v48c0 4.4 3.6 8 8 8h56c4.4 0 8-3.6 8-8v-48h256v48c0 4.4 3.6 8 8 8h56c4.4 0 8-3.6 8-8v-48h128v136H184z"
                      />
                    </svg>
                  </i>
                </div>
              </span>
            </span>
            <transition-stub
              appear="true"
            />
          </div>
        </div>
      </div>
       
      <div
        class="ant-row ant-form-item"
      >
        <div
          class="ant-col ant-form-item-label"
        >
          <label
            class=""
            title="Cabin Type"
          >
            Cabin Type
          </label>
        </div>
        <div
          class="ant-col ant-form-item-control-wrapper"
        >
          <div
            class="ant-form-item-control"
          >
            <span
              class="ant-form-item-children"
            >
              <div
                class="ant-select ant-select-enabled ant-select-allow-clear"
                tabindex="0"
              >
                <div
                  aria-autocomplete="list"
                  aria-controls="test-uuid"
                  aria-haspopup="true"
                  class="ant-select-selection ant-select-selection--single"
                  role="combobox"
                >
                  <div
                    class="ant-select-selection__rendered"
                  />
                  <span
                    class="ant-select-arrow"
                    style="user-select: none;"
                    unselectable="on"
                  >
                    <i
                      aria-label="icon: down"
                      class="anticon anticon-down ant-select-arrow-icon"
                    >
                      <svg
                        aria-hidden="true"
                        class=""
                        data-icon="down"
                        fill="currentColor"
                        focusable="false"
                        height="1em"
                        viewBox="64 64 896 896"
                        width="1em"
                      >
                        <path
                          d="M884 256h-75c-5.1 0-9.9 2.5-12.9 6.6L512 654.2 227.9 262.6c-3-4.1-7.8-6.6-12.9-6.6h-75c-6.5 0-10.3 7.4-6.5 12.7l352.6 486.1c12.8 17.6 39 17.6 51.7 0l352.6-486.1c3.9-5.3.1-12.7-6.4-12.7z"
                        />
                      </svg>
                    </i>
                  </span>
                </div>
              </div>
            </span>
            <transition-stub
              appear="true"
            />
          </div>
        </div>
      </div>
       
      <div
        class="ant-row ant-form-item"
      >
        <div
          class="ant-col ant-col-24 ant-form-item-control-wrapper"
        >
          <div
            class="ant-form-item-control"
          >
            <span
              class="ant-form-item-children"
            >
              <button
                class="ant-btn ant-btn-primary"
                disabled="disabled"
                type="button"
              >
                <span>
                  Search
                </span>
              </button>
              <button
                class="ant-btn"
                style="margin-left: 10px;"
                type="button"
              >
                <span>
                  Reset
                </span>
              </button>
            </span>
            <transition-stub
              appear="true"
            />
          </div>
        </div>
      </div>
    </form>
  </div>
</div>
`;
