// Jest Snapshot v1, https://goo.gl/fbAQLP

exports[`FlightResult Test Tests FlightResult 1`] = `
<div
  class="center"
  style="margin-top: 200px;"
>
  <div
    class="ant-row"
  >
    <div
      class="ant-col ant-col-12"
    >
      <h1>
        Search results
      </h1>
    </div>
     
    <div
      class="ant-col ant-col-4 ant-col-offset-8"
    >
      <button
        class="ant-btn"
        type="button"
      >
        <i
          aria-label="icon: arrow-left"
          class="anticon anticon-arrow-left"
        >
          <svg
            aria-hidden="true"
            class=""
            data-icon="arrow-left"
            fill="currentColor"
            focusable="false"
            height="1em"
            viewBox="64 64 896 896"
            width="1em"
          >
            <path
              d="M872 474H286.9l350.2-304c5.6-4.9 2.2-14-5.2-14h-88.5c-3.9 0-7.6 1.4-10.5 3.9L155 487.8a31.96 31.96 0 0 0 0 48.3L535.1 866c1.5 1.3 3.3 2 5.2 2h91.5c7.4 0 10.8-9.2 5.2-14L286.9 550H872c4.4 0 8-3.6 8-8v-60c0-4.4-3.6-8-8-8z"
            />
          </svg>
        </i>
        <span>
          Back
        </span>
      </button>
    </div>
  </div>
   
  <div
    class="spinner ant-spin ant-spin-lg ant-spin-spinning"
  >
    <span
      class="ant-spin-dot ant-spin-dot-spin"
    >
      <i
        class="ant-spin-dot-item"
      />
      <i
        class="ant-spin-dot-item"
      />
      <i
        class="ant-spin-dot-item"
      />
      <i
        class="ant-spin-dot-item"
      />
    </span>
  </div>
   
</div>
`;
